// Jest Snapshot v1, https://goo.gl/fbAQLP

exports[`<DashboardCard /> renders without crash 1`] = `
ShallowWrapper {
  Symbol(enzyme.__root__): [Circular],
  Symbol(enzyme.__unrendered__): <DashboardCard
    description="My Description"
    onClick={[Function]}
    title="My Title"
  />,
  Symbol(enzyme.__renderer__): Object {
    "batchedUpdates": [Function],
    "getNode": [Function],
    "render": [Function],
    "simulateError": [Function],
    "simulateEvent": [Function],
    "unmount": [Function],
  },
  Symbol(enzyme.__node__): Object {
    "instance": null,
    "key": undefined,
    "nodeType": "host",
    "props": Object {
      "children": Array [
        <div
          className="Dashboard-cards__title"
        >
          <h4>
            My Title
          </h4>
        </div>,
        <div
          className="Dashboard-cards__description"
        >
          <p>
            My Description
          </p>
        </div>,
        <div
          className="Dashboard-cards__cta"
        >
          <button
            onClick={[Function]}
            type="button"
          >
            Get Started
          </button>
        </div>,
      ],
      "className": "Dashboard-cards",
    },
    "ref": null,
    "rendered": Array [
      Object {
        "instance": null,
        "key": undefined,
        "nodeType": "host",
        "props": Object {
          "children": <h4>
            My Title
          </h4>,
          "className": "Dashboard-cards__title",
        },
        "ref": null,
        "rendered": Object {
          "instance": null,
          "key": undefined,
          "nodeType": "host",
          "props": Object {
            "children": "My Title",
          },
          "ref": null,
          "rendered": "My Title",
          "type": "h4",
        },
        "type": "div",
      },
      Object {
        "instance": null,
        "key": undefined,
        "nodeType": "host",
        "props": Object {
          "children": <p>
            My Description
          </p>,
          "className": "Dashboard-cards__description",
        },
        "ref": null,
        "rendered": Object {
          "instance": null,
          "key": undefined,
          "nodeType": "host",
          "props": Object {
            "children": "My Description",
          },
          "ref": null,
          "rendered": "My Description",
          "type": "p",
        },
        "type": "div",
      },
      Object {
        "instance": null,
        "key": undefined,
        "nodeType": "host",
        "props": Object {
          "children": <button
            onClick={[Function]}
            type="button"
          >
            Get Started
          </button>,
          "className": "Dashboard-cards__cta",
        },
        "ref": null,
        "rendered": Object {
          "instance": null,
          "key": undefined,
          "nodeType": "host",
          "props": Object {
            "children": "Get Started",
            "onClick": [Function],
            "type": "button",
          },
          "ref": null,
          "rendered": "Get Started",
          "type": "button",
        },
        "type": "div",
      },
    ],
    "type": "div",
  },
  Symbol(enzyme.__nodes__): Array [
    Object {
      "instance": null,
      "key": undefined,
      "nodeType": "host",
      "props": Object {
        "children": Array [
          <div
            className="Dashboard-cards__title"
          >
            <h4>
              My Title
            </h4>
          </div>,
          <div
            className="Dashboard-cards__description"
          >
            <p>
              My Description
            </p>
          </div>,
          <div
            className="Dashboard-cards__cta"
          >
            <button
              onClick={[Function]}
              type="button"
            >
              Get Started
            </button>
          </div>,
        ],
        "className": "Dashboard-cards",
      },
      "ref": null,
      "rendered": Array [
        Object {
          "instance": null,
          "key": undefined,
          "nodeType": "host",
          "props": Object {
            "children": <h4>
              My Title
            </h4>,
            "className": "Dashboard-cards__title",
          },
          "ref": null,
          "rendered": Object {
            "instance": null,
            "key": undefined,
            "nodeType": "host",
            "props": Object {
              "children": "My Title",
            },
            "ref": null,
            "rendered": "My Title",
            "type": "h4",
          },
          "type": "div",
        },
        Object {
          "instance": null,
          "key": undefined,
          "nodeType": "host",
          "props": Object {
            "children": <p>
              My Description
            </p>,
            "className": "Dashboard-cards__description",
          },
          "ref": null,
          "rendered": Object {
            "instance": null,
            "key": undefined,
            "nodeType": "host",
            "props": Object {
              "children": "My Description",
            },
            "ref": null,
            "rendered": "My Description",
            "type": "p",
          },
          "type": "div",
        },
        Object {
          "instance": null,
          "key": undefined,
          "nodeType": "host",
          "props": Object {
            "children": <button
              onClick={[Function]}
              type="button"
            >
              Get Started
            </button>,
            "className": "Dashboard-cards__cta",
          },
          "ref": null,
          "rendered": Object {
            "instance": null,
            "key": undefined,
            "nodeType": "host",
            "props": Object {
              "children": "Get Started",
              "onClick": [Function],
              "type": "button",
            },
            "ref": null,
            "rendered": "Get Started",
            "type": "button",
          },
          "type": "div",
        },
      ],
      "type": "div",
    },
  ],
  Symbol(enzyme.__options__): Object {
    "adapter": ReactSixteenAdapter {
      "options": Object {
        "enableComponentDidUpdateOnSetState": true,
        "lifecycles": Object {
          "componentDidUpdate": Object {
            "onSetState": true,
          },
          "getDerivedStateFromProps": true,
          "getSnapshotBeforeUpdate": true,
          "setState": Object {
            "skipsComponentDidUpdateOnNullish": true,
          },
        },
      },
    },
  },
}
`;
