// Jest Snapshot v1, https://goo.gl/fbAQLP

exports[`<Dashboard /> renders without crash 1`] = `
ShallowWrapper {
  Symbol(enzyme.__root__): [Circular],
  Symbol(enzyme.__unrendered__): <Dashboard />,
  Symbol(enzyme.__renderer__): Object {
    "batchedUpdates": [Function],
    "getNode": [Function],
    "render": [Function],
    "simulateError": [Function],
    "simulateEvent": [Function],
    "unmount": [Function],
  },
  Symbol(enzyme.__node__): Object {
    "instance": null,
    "key": undefined,
    "nodeType": "host",
    "props": Object {
      "children": Array [
        Array [
          <DashboardCard
            description="Make sure your business is compliant"
            onClick={[Function]}
            title="GDPR"
          />,
          <DashboardCard
            description="Solve your everyday HR stuff with easy-to-follow processes"
            onClick={[Function]}
            title="Managing people"
          />,
          <DashboardCard
            description="Build the right team with a smooth hiring process or check your business has all it needs to comply with employment law"
            onClick={[Function]}
            title="Hiring people"
          />,
        ],
        "",
      ],
      "className": "Dashboard-section",
    },
    "ref": null,
    "rendered": Array [
      Object {
        "instance": null,
        "key": "1",
        "nodeType": "function",
        "props": Object {
          "description": "Make sure your business is compliant",
          "onClick": [Function],
          "title": "GDPR",
        },
        "ref": null,
        "rendered": null,
        "type": [Function],
      },
      Object {
        "instance": null,
        "key": "2",
        "nodeType": "function",
        "props": Object {
          "description": "Solve your everyday HR stuff with easy-to-follow processes",
          "onClick": [Function],
          "title": "Managing people",
        },
        "ref": null,
        "rendered": null,
        "type": [Function],
      },
      Object {
        "instance": null,
        "key": "3",
        "nodeType": "function",
        "props": Object {
          "description": "Build the right team with a smooth hiring process or check your business has all it needs to comply with employment law",
          "onClick": [Function],
          "title": "Hiring people",
        },
        "ref": null,
        "rendered": null,
        "type": [Function],
      },
      "",
    ],
    "type": "div",
  },
  Symbol(enzyme.__nodes__): Array [
    Object {
      "instance": null,
      "key": undefined,
      "nodeType": "host",
      "props": Object {
        "children": Array [
          Array [
            <DashboardCard
              description="Make sure your business is compliant"
              onClick={[Function]}
              title="GDPR"
            />,
            <DashboardCard
              description="Solve your everyday HR stuff with easy-to-follow processes"
              onClick={[Function]}
              title="Managing people"
            />,
            <DashboardCard
              description="Build the right team with a smooth hiring process or check your business has all it needs to comply with employment law"
              onClick={[Function]}
              title="Hiring people"
            />,
          ],
          "",
        ],
        "className": "Dashboard-section",
      },
      "ref": null,
      "rendered": Array [
        Object {
          "instance": null,
          "key": "1",
          "nodeType": "function",
          "props": Object {
            "description": "Make sure your business is compliant",
            "onClick": [Function],
            "title": "GDPR",
          },
          "ref": null,
          "rendered": null,
          "type": [Function],
        },
        Object {
          "instance": null,
          "key": "2",
          "nodeType": "function",
          "props": Object {
            "description": "Solve your everyday HR stuff with easy-to-follow processes",
            "onClick": [Function],
            "title": "Managing people",
          },
          "ref": null,
          "rendered": null,
          "type": [Function],
        },
        Object {
          "instance": null,
          "key": "3",
          "nodeType": "function",
          "props": Object {
            "description": "Build the right team with a smooth hiring process or check your business has all it needs to comply with employment law",
            "onClick": [Function],
            "title": "Hiring people",
          },
          "ref": null,
          "rendered": null,
          "type": [Function],
        },
        "",
      ],
      "type": "div",
    },
  ],
  Symbol(enzyme.__options__): Object {
    "adapter": ReactSixteenAdapter {
      "options": Object {
        "enableComponentDidUpdateOnSetState": true,
        "lifecycles": Object {
          "componentDidUpdate": Object {
            "onSetState": true,
          },
          "getDerivedStateFromProps": true,
          "getSnapshotBeforeUpdate": true,
          "setState": Object {
            "skipsComponentDidUpdateOnNullish": true,
          },
        },
      },
    },
  },
}
`;
